// Vitest Snapshot v1, https://vitest.dev/guide/snapshot.html

exports[`SettingsPage > snapshot matches 1`] = `
<div>
  <div
    style="padding: 2rem; max-width: 640px; margin: 0px auto;"
  >
    <h1
      style="font-size: 1.25rem; font-weight: 600; margin-bottom: 1rem;"
    >
      Tenant Settings
    </h1>
    <p
      style="color: var(--color-muted);"
    >
      Branding and notification settings coming soon.
    </p>
  </div>
</div>
`;
