// Vitest Snapshot v1, https://vitest.dev/guide/snapshot.html

exports[`ShipmentsPage > matches snapshot 1`] = `"<div style="padding: 2rem; max-width: 1200px; margin: 0px auto;"><h1 style="font-size: 1.25rem; font-weight: 600; margin-bottom: 1rem;">Shipments</h1><p style="color: var(--color-muted);">Shipment management coming soon.</p></div>"`;
